// Jest Snapshot v1, https://goo.gl/fbAQLP

exports[`App should render correctly 1`] = `
<div>
  <nav
    className="navbar navbar-default"
  >
    <div
      className="container"
    >
      <div
        className="navbar-header"
      >
        <img
          alt="Unlock Philly Logo"
          className="navbar-brand"
          src={
            Object {
              "process": [Function],
            }
          }
        />
        <button
          className="navbar-toggle collapsed"
          onClick={[Function]}
          type="button"
        >
          <span
            className="sr-only"
          >
            Toggle navigation
          </span>
          <span
            className="icon-bar"
          />
          <span
            className="icon-bar"
          />
          <span
            className="icon-bar"
          />
        </button>
      </div>
      <div
        aria-expanded={null}
        className="navbar-collapse collapse"
      >
        <ul
          className="nav navbar-nav"
          role={null}
        >
          <li
            className=""
            role="presentation"
            style={undefined}
          >
            <a
              href="#"
              onClick={[Function]}
              onKeyDown={[Function]}
              role="button"
            >
              Transit/Venues
            </a>
          </li>
          <li
            className=""
            role="presentation"
            style={undefined}
          >
            <a
              href="#"
              onClick={[Function]}
              onKeyDown={[Function]}
              role="button"
            >
              Parks
            </a>
          </li>
          <li
            className=""
            role="presentation"
            style={undefined}
          >
            <a
              href="#"
              onClick={[Function]}
              onKeyDown={[Function]}
              role="button"
            >
              Help
            </a>
          </li>
          <li
            className=""
            role="presentation"
            style={undefined}
          >
            <a
              href="#"
              onClick={[Function]}
              onKeyDown={[Function]}
              role="button"
            >
              Taxis
            </a>
          </li>
          <li
            className=""
            role="presentation"
            style={undefined}
          >
            <a
              href="#"
              onClick={[Function]}
              onKeyDown={[Function]}
              role="button"
            >
              About
            </a>
          </li>
          <li
            className="dropdown"
            style={undefined}
          >
            <a
              aria-expanded={false}
              aria-haspopup={true}
              className="dropdown-toggle"
              href="#"
              id="basic-nav-dropdown"
              onClick={[Function]}
              onKeyDown={[Function]}
              role="button"
            >
              Other
               
              <span
                className="caret"
              />
            </a>
            <ul
              aria-labelledby="basic-nav-dropdown"
              className="dropdown-menu"
              role="menu"
            >
              <li
                className=""
                role="presentation"
                style={undefined}
              >
                <a
                  href="#"
                  onClick={[Function]}
                  onKeyDown={[Function]}
                  role="menuitem"
                  tabIndex="-1"
                >
                  N3rd Street
                </a>
              </li>
              <li
                className="divider"
                onKeyDown={[Function]}
                role="separator"
                style={undefined}
              />
              <li
                className=""
                role="presentation"
                style={undefined}
              >
                <a
                  href="#"
                  onClick={[Function]}
                  onKeyDown={[Function]}
                  role="menuitem"
                  tabIndex="-1"
                >
                  Route Checker
                </a>
              </li>
            </ul>
          </li>
        </ul>
        <ul
          className="nav navbar-nav navbar-right"
          role={null}
        >
          <li
            className=""
            role="presentation"
            style={undefined}
          >
            <a
              href="#"
              onClick={[Function]}
              onKeyDown={[Function]}
              role="button"
            >
              Follow 
              <span
                aria-hidden={true}
                className="fa fa-twitter"
              />
            </a>
          </li>
          <li
            className="dropdown"
            style={undefined}
          >
            <a
              aria-expanded={false}
              aria-haspopup={true}
              className="dropdown-toggle"
              href="#"
              id="basic-nav-dropdown"
              onClick={[Function]}
              onKeyDown={[Function]}
              role="button"
            >
              Links
               
              <span
                className="caret"
              />
            </a>
            <ul
              aria-labelledby="basic-nav-dropdown"
              className="dropdown-menu"
              role="menu"
            >
              <li
                className=""
                role="presentation"
                style={undefined}
              >
                <a
                  href="#"
                  onClick={[Function]}
                  onKeyDown={[Function]}
                  role="menuitem"
                  tabIndex="-1"
                >
                  N3rd Street
                </a>
              </li>
              <li
                className="divider"
                onKeyDown={[Function]}
                role="separator"
                style={undefined}
              />
              <li
                className=""
                role="presentation"
                style={undefined}
              >
                <a
                  href="#"
                  onClick={[Function]}
                  onKeyDown={[Function]}
                  role="menuitem"
                  tabIndex="-1"
                >
                  Route Checker
                </a>
              </li>
            </ul>
          </li>
        </ul>
      </div>
    </div>
  </nav>
  <div>
    404
  </div>
</div>
`;
